 Browse │ Favorites │ Tags                                                                                                                          
────────────────────────────────────────────────────────────────────────────────────────────────────────────────────────────────────────────────────
┌Feeds─────────────────────┐┌A List Apart: The Full Feed───────────────────────────────┐┌Detail────────────────────────────────────────────────────┐
│                          ││                                                          ││                                                          │
│ A List Apart: The Full F ││ An Holistic Framework for Shared Design Leadership       ││ Fedora has been shipping with a broken screen reader for │
│ Big Think (10)           ││ From Beta to Bedrock: Build Products that Stick.         ││                 mail@ar.al (Aral Balkan)                 │
│ Developer Tea (1263)     ││ User Research Is Storytelling                            ││              Sun, 23 Jun 2024 19:51:00 +0100             │
│ Rock Paper Shotgun Lates ││ To Ignite a Personalization Practice, Run this Preperso  ││ ──────────────────────────────────────────────────────── │
│ The Marginalian (20)     ││ The Wax and the Wane of the Web                          ││  Fedora, a major Linux distribution, has been shipping   │
│ Ziglang.org News (23)    ││ Opportunities for AI in Accessibility                    ││  with a broken screen reader for nine years.             │
│                          ││ I am a creative.                                         ││                                                          │
│                          ││ Humility: An Essential Value                             ││  This can only happen in an ableist culture.             │
│                          ││ Personalization Pyramid: A Framework for Designing with  ││                                                          │
│                          ││ Mobile-First CSS: Is It Time for a Rethink?              ││  If there is one takeaway you need from this post, it’s  │
│                          ││ Designers, (Re)define Success First                      ││  this.                                                   │
│                          ││ Breaking Out of the Box                                  ││                                                          │
│                          ││ How to Sell UX Research with Two Simple Questions        ││  Unless you’re interested in the details or the ensuing  │
│                          ││ A Content Model Is Not a Design System                   ││  drama, you can stop reading here and you will not have  │
│                          ││ Design for Safety, An Excerpt                            ││  missed out on much.                                     │
│                          ││ Sustainable Web Design, An Excerpt                       ││                                                          │
│                          ││ Voice Content and Usability                              ││  ## What is a screen reader?                             │
│                          ││ Designing for the Unexpected                             ││                                                          │
│                          ││ Asynchronous Design Critique: Getting Feedback           ││  A screen reader is a core assistive technology that     │
│                          ││ Asynchronous Design Critique: Giving Feedback            ││  some disabled people need in order to be able to use    │
│                          ││                                                          ││  computers, tablets, and phones:                         │
│                          ││                                                          ││                                                          │
│                          ││                                                          ││  ## The state of accessibility in major operating        │
│                          ││                                                          ││  systems                                                 │
│                          ││                                                          ││                                                          │
│                          ││                                                          ││  Major proprietary and semi-proprietary operating        │
│                          ││                                                          ││  systems like macOS, iOS, Windows, ChromeOS, and         │
│                          ││                                                          ││  Android come with functional screen readers.            │
│                          ││                                                          ││                                                          │
│                          ││                                                          ││  Fedora, however, has not shipped with a functional      │
│                          ││                                                          ││  screen reader by default for nine years.                │
│                          ││                                                          ││                                                          │
│                          ││                                                          ││                                                          │
└──────────────────────────┘└──────────────────────────────────────────────────────────┘└──────────────────────────────────────────────────────────┘
────────────────────────────────────────────────────────────────────────────────────────────────────────────────────────────────────────────────────
Last fetched: Sun, 3 Aug 2025 17:03:07 -0600                                                    

